Warning: You are sending unauthenticated requests to the HF Hub. Please set a HF_TOKEN to enable higher rate limits and faster downloads.
[RAG BUILD] Store currently has 0 CVEs.
[RAG BUILD] Page size: 2000  |  Sleep: 1.5s  |  Resume at index: 0  |  API key: yes
------------------------------------------------------------------------
[RAG BUILD] Total CVEs from NVD: 370,472  |  Estimated pages: 186
Loading weights:   0%|          | 0/103 [00:00<?, ?it/s]Loading weights: 100%|██████████| 103/103 [00:00<00:00, 6877.22it/s]
[RAG BUILD] Page    1  |     2,000/370,472 (  0.5%)  |  +2000 this page  |  store=2,000  |  95s/page  |  ETA ~4.9h
[RAG BUILD] Page    2  |     4,000/370,472 (  1.1%)  |  +2000 this page  |  store=4,000  |  122s/page  |  ETA ~5.6h
[RAG BUILD] Page    3  |     6,000/370,472 (  1.6%)  |  +2000 this page  |  store=6,000  |  150s/page  |  ETA ~6.3h
[RAG BUILD] Page    4  |     8,000/370,472 (  2.2%)  |  +2000 this page  |  store=8,000  |  148s/page  |  ETA ~6.6h
[RAG BUILD] Page    5  |    10,000/370,472 (  2.7%)  |  +2000 this page  |  store=10,000  |  577s/page  |  ETA ~11.0h
[RAG BUILD] ⚠  Error (attempt 1): ('Connection aborted.', RemoteDisconnected('Remote end closed connection without response'))
[RAG BUILD]    Backing off 10s before retry…
[RAG BUILD] ⚠  Error (attempt 2): HTTPSConnectionPool(host='services.nvd.nist.gov', port=443): Read timed out.
[RAG BUILD]    Backing off 40s before retry…
[RAG BUILD] ⚠  Error (attempt 3): HTTPSConnectionPool(host='services.nvd.nist.gov', port=443): Max retries exceeded with url: /rest/json/cves/2.0?resultsPerPage=2000&startIndex=10000 (Caused by NameResolutionError("HTTPSConnection(host='services.nvd.nist.gov', port=443): Failed to resolve 'services.nvd.nist.gov' ([Errno 8] nodename nor servname provided, or not known)"))
[RAG BUILD]    Backing off 80s before retry…
[RAG BUILD] Page    6  |    12,000/370,472 (  3.2%)  |  +2000 this page  |  store=12,000  |  3222s/page  |  ETA ~35.9h
[RAG BUILD] Page    7  |    14,000/370,472 (  3.8%)  |  +2000 this page  |  store=14,000  |  195s/page  |  ETA ~32.0h
[RAG BUILD] Page    8  |    16,000/370,472 (  4.3%)  |  +2000 this page  |  store=16,000  |  149s/page  |  ETA ~28.7h
[RAG BUILD] Page    9  |    18,000/370,472 (  4.9%)  |  +2000 this page  |  store=18,000  |  215s/page  |  ETA ~26.6h
[RAG BUILD] Page   10  |    20,000/370,472 (  5.4%)  |  +2000 this page  |  store=20,000  |  200s/page  |  ETA ~24.8h
[RAG BUILD] Page   11  |    22,000/370,472 (  5.9%)  |  +2000 this page  |  store=22,000  |  147s/page  |  ETA ~23.1h
[RAG BUILD] Page   12  |    24,000/370,472 (  6.5%)  |  +2000 this page  |  store=24,000  |  232s/page  |  ETA ~21.9h
[RAG BUILD] Page   13  |    26,000/370,472 (  7.0%)  |  +2000 this page  |  store=26,000  |  286s/page  |  ETA ~21.2h
[RAG BUILD] Page   14  |    28,000/370,472 (  7.6%)  |  +2000 this page  |  store=28,000  |  265s/page  |  ETA ~20.5h
[RAG BUILD] Page   15  |    30,000/370,472 (  8.1%)  |  +2000 this page  |  store=30,000  |  289s/page  |  ETA ~19.9h
[RAG BUILD] Page   16  |    32,000/370,472 (  8.6%)  |  +2000 this page  |  store=32,000  |  98s/page  |  ETA ~18.9h
[RAG BUILD] Page   17  |    34,000/370,472 (  9.2%)  |  +2000 this page  |  store=34,000  |  142s/page  |  ETA ~18.0h
[RAG BUILD] Page   18  |    36,000/370,472 (  9.7%)  |  +2000 this page  |  store=36,000  |  166s/page  |  ETA ~17.4h
[RAG BUILD] Page   19  |    38,000/370,472 ( 10.3%)  |  +2000 this page  |  store=38,000  |  244s/page  |  ETA ~16.9h
[RAG BUILD] Page   20  |    40,000/370,472 ( 10.8%)  |  +2000 this page  |  store=40,000  |  235s/page  |  ETA ~16.5h
[RAG BUILD] Page   21  |    42,000/370,472 ( 11.3%)  |  +2000 this page  |  store=42,000  |  309s/page  |  ETA ~16.3h
[RAG BUILD] Page   22  |    44,000/370,472 ( 11.9%)  |  +2000 this page  |  store=44,000  |  185s/page  |  ETA ~15.9h
[RAG BUILD] Page   23  |    46,000/370,472 ( 12.4%)  |  +2000 this page  |  store=46,000  |  330s/page  |  ETA ~15.7h
[RAG BUILD] Page   24  |    48,000/370,472 ( 13.0%)  |  +2000 this page  |  store=48,000  |  300s/page  |  ETA ~15.6h
[RAG BUILD] Page   25  |    50,000/370,472 ( 13.5%)  |  +2000 this page  |  store=50,000  |  301s/page  |  ETA ~15.4h
[RAG BUILD] Page   26  |    52,000/370,472 ( 14.0%)  |  +2000 this page  |  store=52,000  |  276s/page  |  ETA ~15.2h
[RAG BUILD] ⚠  Error (attempt 1): Response ended prematurely
[RAG BUILD]    Backing off 10s before retry…
[RAG BUILD] Page   27  |    54,000/370,472 ( 14.6%)  |  +2000 this page  |  store=54,000  |  541s/page  |  ETA ~15.4h
[RAG BUILD] ⚠  Error (attempt 1): Response ended prematurely
[RAG BUILD]    Backing off 10s before retry…
[RAG BUILD] Page   28  |    56,000/370,472 ( 15.1%)  |  +2000 this page  |  store=56,000  |  385s/page  |  ETA ~15.4h
[RAG BUILD] Page   29  |    58,000/370,472 ( 15.7%)  |  +2000 this page  |  store=58,000  |  179s/page  |  ETA ~15.0h
[RAG BUILD] Page   30  |    60,000/370,472 ( 16.2%)  |  +2000 this page  |  store=60,000  |  91s/page  |  ETA ~14.5h
[RAG BUILD] Page   31  |    62,000/370,472 ( 16.7%)  |  +2000 this page  |  store=62,000  |  58s/page  |  ETA ~14.1h
[RAG BUILD] Page   32  |    64,000/370,472 ( 17.3%)  |  +2000 this page  |  store=64,000  |  67s/page  |  ETA ~13.6h
[RAG BUILD] Page   33  |    66,000/370,472 ( 17.8%)  |  +2000 this page  |  store=66,000  |  56s/page  |  ETA ~13.2h
[RAG BUILD] Page   34  |    68,000/370,472 ( 18.4%)  |  +2000 this page  |  store=68,000  |  53s/page  |  ETA ~12.8h
[RAG BUILD] Page   35  |    70,000/370,472 ( 18.9%)  |  +2000 this page  |  store=70,000  |  62s/page  |  ETA ~12.4h
[RAG BUILD] Page   36  |    72,000/370,472 ( 19.4%)  |  +2000 this page  |  store=72,000  |  53s/page  |  ETA ~12.1h
[RAG BUILD] Page   37  |    74,000/370,472 ( 20.0%)  |  +2000 this page  |  store=74,000  |  58s/page  |  ETA ~11.7h
[RAG BUILD] Page   38  |    76,000/370,472 ( 20.5%)  |  +2000 this page  |  store=76,000  |  76s/page  |  ETA ~11.4h
[RAG BUILD] Page   39  |    78,000/370,472 ( 21.1%)  |  +2000 this page  |  store=78,000  |  60s/page  |  ETA ~11.1h
[RAG BUILD] Page   40  |    80,000/370,472 ( 21.6%)  |  +2000 this page  |  store=80,000  |  40s/page  |  ETA ~10.8h
[RAG BUILD] Page   41  |    82,000/370,472 ( 22.1%)  |  +2000 this page  |  store=82,000  |  34s/page  |  ETA ~10.5h
[RAG BUILD] Page   42  |    84,000/370,472 ( 22.7%)  |  +2000 this page  |  store=84,000  |  81s/page  |  ETA ~10.3h
[RAG BUILD] Page   43  |    86,000/370,472 ( 23.2%)  |  +2000 this page  |  store=86,000  |  81s/page  |  ETA ~10.0h
[RAG BUILD] Page   44  |    88,000/370,472 ( 23.8%)  |  +2000 this page  |  store=88,000  |  15s/page  |  ETA ~9.8h
[RAG BUILD] Page   45  |    90,000/370,472 ( 24.3%)  |  +2000 this page  |  store=90,000  |  23s/page  |  ETA ~9.5h
[RAG BUILD] Page   46  |    92,000/370,472 ( 24.8%)  |  +2000 this page  |  store=92,000  |  44s/page  |  ETA ~9.3h
[RAG BUILD] ⚠  Error (attempt 1): HTTPSConnectionPool(host='services.nvd.nist.gov', port=443): Read timed out. (read timeout=90)
[RAG BUILD]    Backing off 10s before retry…
[RAG BUILD] Page   47  |    94,000/370,472 ( 25.4%)  |  +2000 this page  |  store=94,000  |  271s/page  |  ETA ~9.2h
[RAG BUILD] Page   48  |    96,000/370,472 ( 25.9%)  |  +2000 this page  |  store=96,000  |  125s/page  |  ETA ~9.1h
[RAG BUILD] Page   49  |    98,000/370,472 ( 26.5%)  |  +2000 this page  |  store=98,000  |  242s/page  |  ETA ~9.0h
[RAG BUILD] Page   50  |   100,000/370,472 ( 27.0%)  |  +2000 this page  |  store=100,000  |  67s/page  |  ETA ~8.8h
[RAG BUILD] Page   51  |   102,000/370,472 ( 27.5%)  |  +2000 this page  |  store=102,000  |  225s/page  |  ETA ~8.7h
[RAG BUILD] Page   52  |   104,000/370,472 ( 28.1%)  |  +2000 this page  |  store=104,000  |  103s/page  |  ETA ~8.6h
[RAG BUILD] Page   53  |   106,000/370,472 ( 28.6%)  |  +2000 this page  |  store=106,000  |  144s/page  |  ETA ~8.5h
[RAG BUILD] Page   54  |   108,000/370,472 ( 29.2%)  |  +2000 this page  |  store=108,000  |  170s/page  |  ETA ~8.3h
[RAG BUILD] Page   55  |   110,000/370,472 ( 29.7%)  |  +2000 this page  |  store=110,000  |  146s/page  |  ETA ~8.2h
[RAG BUILD] ⚠  Error (attempt 1): HTTPSConnectionPool(host='services.nvd.nist.gov', port=443): Read timed out.
[RAG BUILD]    Backing off 10s before retry…
[RAG BUILD] Page   56  |   112,000/370,472 ( 30.2%)  |  +2000 this page  |  store=112,000  |  1404s/page  |  ETA ~8.9h
[RAG BUILD] ⚠  Error (attempt 1): HTTPSConnectionPool(host='services.nvd.nist.gov', port=443): Read timed out.
[RAG BUILD]    Backing off 10s before retry…
[RAG BUILD] ⚠  Error (attempt 2): HTTPSConnectionPool(host='services.nvd.nist.gov', port=443): Read timed out. (read timeout=90)
[RAG BUILD]    Backing off 40s before retry…
[RAG BUILD] ⚠  Error (attempt 3): HTTPSConnectionPool(host='services.nvd.nist.gov', port=443): Read timed out.
[RAG BUILD]    Backing off 80s before retry…
[RAG BUILD] ⚠  Error (attempt 4): Response ended prematurely
[RAG BUILD]    Backing off 150s before retry…
[RAG BUILD] ⚠  Error (attempt 5): HTTPSConnectionPool(host='services.nvd.nist.gov', port=443): Read timed out.
[RAG BUILD]    Backing off 340s before retry…
[RAG BUILD] Page   57  |   114,000/370,472 ( 30.8%)  |  +2000 this page  |  store=114,000  |  6046s/page  |  ETA ~12.5h
[RAG BUILD] Page   58  |   116,000/370,472 ( 31.3%)  |  +2000 this page  |  store=116,000  |  142s/page  |  ETA ~12.3h
[RAG BUILD] Page   59  |   118,000/370,472 ( 31.9%)  |  +2000 this page  |  store=118,000  |  158s/page  |  ETA ~12.0h
[RAG BUILD] Page   60  |   120,000/370,472 ( 32.4%)  |  +2000 this page  |  store=120,000  |  102s/page  |  ETA ~11.8h
[RAG BUILD] Page   61  |   122,000/370,472 ( 32.9%)  |  +2000 this page  |  store=122,000  |  95s/page  |  ETA ~11.6h
[RAG BUILD] Page   62  |   124,000/370,472 ( 33.5%)  |  +2000 this page  |  store=124,000  |  75s/page  |  ETA ~11.3h
[RAG BUILD] Page   63  |   126,000/370,472 ( 34.0%)  |  +2000 this page  |  store=126,000  |  101s/page  |  ETA ~11.1h
[RAG BUILD] Page   64  |   128,000/370,472 ( 34.6%)  |  +2000 this page  |  store=128,000  |  74s/page  |  ETA ~10.9h
[RAG BUILD] Page   65  |   130,000/370,472 ( 35.1%)  |  +2000 this page  |  store=130,000  |  110s/page  |  ETA ~10.7h
[RAG BUILD] Page   66  |   132,000/370,472 ( 35.6%)  |  +2000 this page  |  store=132,000  |  143s/page  |  ETA ~10.5h
[RAG BUILD] Page   67  |   134,000/370,472 ( 36.2%)  |  +2000 this page  |  store=134,000  |  109s/page  |  ETA ~10.3h
[RAG BUILD] Page   68  |   136,000/370,472 ( 36.7%)  |  +2000 this page  |  store=136,000  |  113s/page  |  ETA ~10.2h
[RAG BUILD] Page   69  |   138,000/370,472 ( 37.2%)  |  +2000 this page  |  store=138,000  |  94s/page  |  ETA ~10.0h
[RAG BUILD] Page   70  |   140,000/370,472 ( 37.8%)  |  +2000 this page  |  store=140,000  |  98s/page  |  ETA ~9.8h
[RAG BUILD] Page   71  |   142,000/370,472 ( 38.3%)  |  +2000 this page  |  store=142,000  |  138s/page  |  ETA ~9.6h
[RAG BUILD] Page   72  |   144,000/370,472 ( 38.9%)  |  +2000 this page  |  store=144,000  |  190s/page  |  ETA ~9.5h
[RAG BUILD] Page   73  |   146,000/370,472 ( 39.4%)  |  +2000 this page  |  store=146,000  |  197s/page  |  ETA ~9.4h
[RAG BUILD] Page   74  |   148,000/370,472 ( 39.9%)  |  +2000 this page  |  store=148,000  |  169s/page  |  ETA ~9.2h
[RAG BUILD] Page   75  |   150,000/370,472 ( 40.5%)  |  +2000 this page  |  store=150,000  |  121s/page  |  ETA ~9.1h
[RAG BUILD] Page   76  |   152,000/370,472 ( 41.0%)  |  +2000 this page  |  store=152,000  |  196s/page  |  ETA ~9.0h
[RAG BUILD] ⚠  Error (attempt 1): Response ended prematurely
[RAG BUILD]    Backing off 10s before retry…
[RAG BUILD] ⚠  Error (attempt 2): HTTPSConnectionPool(host='services.nvd.nist.gov', port=443): Read timed out.
[RAG BUILD]    Backing off 40s before retry…
[RAG BUILD] Page   77  |   154,000/370,472 ( 41.6%)  |  +2000 this page  |  store=154,000  |  2252s/page  |  ETA ~9.6h
[RAG BUILD] ⚠  Error (attempt 1): HTTPSConnectionPool(host='services.nvd.nist.gov', port=443): Read timed out.
[RAG BUILD]    Backing off 10s before retry…
[RAG BUILD] ⚠  Error (attempt 2): HTTPSConnectionPool(host='services.nvd.nist.gov', port=443): Read timed out.
[RAG BUILD]    Backing off 40s before retry…
[RAG BUILD] Page   78  |   156,000/370,472 ( 42.1%)  |  +2000 this page  |  store=156,000  |  3869s/page  |  ETA ~10.9h
[RAG BUILD] Page   79  |   158,000/370,472 ( 42.6%)  |  +2000 this page  |  store=158,000  |  289s/page  |  ETA ~10.8h
[RAG BUILD] ⚠  Error (attempt 1): HTTPSConnectionPool(host='services.nvd.nist.gov', port=443): Read timed out.
[RAG BUILD]    Backing off 10s before retry…
[RAG BUILD] Page   80  |   160,000/370,472 ( 43.2%)  |  +2000 this page  |  store=160,000  |  4332s/page  |  ETA ~12.1h
[RAG BUILD] ⚠  Error (attempt 1): ('Connection aborted.', RemoteDisconnected('Remote end closed connection without response'))
[RAG BUILD]    Backing off 10s before retry…
[RAG BUILD] ⚠  Error (attempt 2): HTTPSConnectionPool(host='services.nvd.nist.gov', port=443): Read timed out.
[RAG BUILD]    Backing off 40s before retry…
[RAG BUILD] Page   81  |   162,000/370,472 ( 43.7%)  |  +2000 this page  |  store=162,000  |  7023s/page  |  ETA ~14.4h
[RAG BUILD] ⚠  Error (attempt 1): HTTPSConnectionPool(host='services.nvd.nist.gov', port=443): Read timed out. (read timeout=90)
[RAG BUILD]    Backing off 10s before retry…
[RAG BUILD] ⚠  Error (attempt 2): HTTPSConnectionPool(host='services.nvd.nist.gov', port=443): Read timed out. (read timeout=90)
[RAG BUILD]    Backing off 40s before retry…
[RAG BUILD] ⚠  Error (attempt 3): HTTPSConnectionPool(host='services.nvd.nist.gov', port=443): Read timed out.
[RAG BUILD]    Backing off 80s before retry…
[RAG BUILD] ⚠  Error (attempt 4): HTTPSConnectionPool(host='services.nvd.nist.gov', port=443): Read timed out.
[RAG BUILD]    Backing off 150s before retry…
[RAG BUILD] Page   82  |   164,000/370,472 ( 44.3%)  |  +2000 this page  |  store=164,000  |  16301s/page  |  ETA ~19.8h
[RAG BUILD] ⚠  Error (attempt 1): HTTPSConnectionPool(host='services.nvd.nist.gov', port=443): Read timed out.
[RAG BUILD]    Backing off 10s before retry…
[RAG BUILD] Page   83  |   166,000/370,472 ( 44.8%)  |  +2000 this page  |  store=166,000  |  1089s/page  |  ETA ~19.7h
[RAG BUILD] ⚠  Error (attempt 1): HTTPSConnectionPool(host='services.nvd.nist.gov', port=443): Read timed out.
[RAG BUILD]    Backing off 10s before retry…
[RAG BUILD] ⚠  Error (attempt 2): HTTPSConnectionPool(host='services.nvd.nist.gov', port=443): Read timed out.
[RAG BUILD]    Backing off 40s before retry…
[RAG BUILD] ⚠  Error (attempt 3): HTTPSConnectionPool(host='services.nvd.nist.gov', port=443): Read timed out. (read timeout=90)
[RAG BUILD]    Backing off 80s before retry…
[RAG BUILD] Page   84  |   168,000/370,472 ( 45.3%)  |  +2000 this page  |  store=168,000  |  3532s/page  |  ETA ~20.5h
[RAG BUILD] Page   85  |   170,000/370,472 ( 45.9%)  |  +2000 this page  |  store=170,000  |  15s/page  |  ETA ~20.1h
[RAG BUILD] Page   86  |   172,000/370,472 ( 46.4%)  |  +2000 this page  |  store=172,000  |  19s/page  |  ETA ~19.6h
[RAG BUILD] Page   87  |   174,000/370,472 ( 47.0%)  |  +2000 this page  |  store=174,000  |  33s/page  |  ETA ~19.2h
[RAG BUILD] Page   88  |   176,000/370,472 ( 47.5%)  |  +2000 this page  |  store=176,000  |  23s/page  |  ETA ~18.8h
[RAG BUILD] Page   89  |   178,000/370,472 ( 48.0%)  |  +2000 this page  |  store=178,000  |  34s/page  |  ETA ~18.4h
[RAG BUILD] Page   90  |   180,000/370,472 ( 48.6%)  |  +2000 this page  |  store=180,000  |  47s/page  |  ETA ~18.1h
[RAG BUILD] Page   91  |   182,000/370,472 ( 49.1%)  |  +2000 this page  |  store=182,000  |  51s/page  |  ETA ~17.7h
[RAG BUILD] Page   92  |   184,000/370,472 ( 49.7%)  |  +2000 this page  |  store=184,000  |  12s/page  |  ETA ~17.3h
[RAG BUILD] Page   93  |   186,000/370,472 ( 50.2%)  |  +2000 this page  |  store=186,000  |  56s/page  |  ETA ~17.0h
[RAG BUILD] Page   94  |   188,000/370,472 ( 50.7%)  |  +2000 this page  |  store=188,000  |  57s/page  |  ETA ~16.6h
[RAG BUILD] Page   95  |   190,000/370,472 ( 51.3%)  |  +2000 this page  |  store=190,000  |  20s/page  |  ETA ~16.3h
[RAG BUILD] Page   96  |   192,000/370,472 ( 51.8%)  |  +2000 this page  |  store=192,000  |  23s/page  |  ETA ~15.9h
[RAG BUILD] Page   97  |   194,000/370,472 ( 52.4%)  |  +2000 this page  |  store=194,000  |  22s/page  |  ETA ~15.6h
[RAG BUILD] Page   98  |   196,000/370,472 ( 52.9%)  |  +2000 this page  |  store=196,000  |  19s/page  |  ETA ~15.3h
[RAG BUILD] Page   99  |   198,000/370,472 ( 53.4%)  |  +2000 this page  |  store=198,000  |  24s/page  |  ETA ~14.9h
[RAG BUILD] Page  100  |   200,000/370,472 ( 54.0%)  |  +2000 this page  |  store=200,000  |  28s/page  |  ETA ~14.6h
[RAG BUILD] Page  101  |   202,000/370,472 ( 54.5%)  |  +2000 this page  |  store=202,000  |  52s/page  |  ETA ~14.3h
[RAG BUILD] Page  102  |   204,000/370,472 ( 55.1%)  |  +2000 this page  |  store=204,000  |  17s/page  |  ETA ~14.0h
[RAG BUILD] Page  103  |   206,000/370,472 ( 55.6%)  |  +2000 this page  |  store=206,000  |  17s/page  |  ETA ~13.7h
[RAG BUILD] Page  104  |   208,000/370,472 ( 56.1%)  |  +2000 this page  |  store=208,000  |  71s/page  |  ETA ~13.4h
[RAG BUILD] Page  105  |   210,000/370,472 ( 56.7%)  |  +2000 this page  |  store=210,000  |  56s/page  |  ETA ~13.2h
[RAG BUILD] Page  106  |   212,000/370,472 ( 57.2%)  |  +2000 this page  |  store=212,000  |  13s/page  |  ETA ~12.9h
[RAG BUILD] Page  107  |   214,000/370,472 ( 57.8%)  |  +2000 this page  |  store=214,000  |  13s/page  |  ETA ~12.6h
[RAG BUILD] Page  108  |   216,000/370,472 ( 58.3%)  |  +2000 this page  |  store=216,000  |  17s/page  |  ETA ~12.3h
[RAG BUILD] Page  109  |   218,000/370,472 ( 58.8%)  |  +2000 this page  |  store=218,000  |  66s/page  |  ETA ~12.1h
[RAG BUILD] Page  110  |   220,000/370,472 ( 59.4%)  |  +2000 this page  |  store=220,000  |  72s/page  |  ETA ~11.8h
[RAG BUILD] Page  111  |   222,000/370,472 ( 59.9%)  |  +2000 this page  |  store=222,000  |  85s/page  |  ETA ~11.6h
[RAG BUILD] Page  112  |   224,000/370,472 ( 60.5%)  |  +2000 this page  |  store=224,000  |  47s/page  |  ETA ~11.3h
[RAG BUILD] Page  113  |   226,000/370,472 ( 61.0%)  |  +2000 this page  |  store=226,000  |  18s/page  |  ETA ~11.1h
[RAG BUILD] Page  114  |   228,000/370,472 ( 61.5%)  |  +2000 this page  |  store=228,000  |  19s/page  |  ETA ~10.8h
[RAG BUILD] Page  115  |   230,000/370,472 ( 62.1%)  |  +2000 this page  |  store=230,000  |  54s/page  |  ETA ~10.6h
[RAG BUILD] Page  116  |   232,000/370,472 ( 62.6%)  |  +2000 this page  |  store=232,000  |  54s/page  |  ETA ~10.4h
[RAG BUILD] Page  117  |   234,000/370,472 ( 63.2%)  |  +2000 this page  |  store=234,000  |  32s/page  |  ETA ~10.1h
[RAG BUILD] Page  118  |   236,000/370,472 ( 63.7%)  |  +2000 this page  |  store=236,000  |  52s/page  |  ETA ~9.9h
[RAG BUILD] Page  119  |   238,000/370,472 ( 64.2%)  |  +2000 this page  |  store=238,000  |  60s/page  |  ETA ~9.7h
[RAG BUILD] Page  120  |   240,000/370,472 ( 64.8%)  |  +2000 this page  |  store=240,000  |  22s/page  |  ETA ~9.5h
[RAG BUILD] Page  121  |   242,000/370,472 ( 65.3%)  |  +2000 this page  |  store=242,000  |  39s/page  |  ETA ~9.2h
[RAG BUILD] Page  122  |   244,000/370,472 ( 65.9%)  |  +2000 this page  |  store=244,000  |  40s/page  |  ETA ~9.0h
[RAG BUILD] Page  123  |   246,000/370,472 ( 66.4%)  |  +2000 this page  |  store=246,000  |  34s/page  |  ETA ~8.8h
[RAG BUILD] Page  124  |   248,000/370,472 ( 66.9%)  |  +2000 this page  |  store=248,000  |  39s/page  |  ETA ~8.6h
[RAG BUILD] Page  125  |   250,000/370,472 ( 67.5%)  |  +2000 this page  |  store=250,000  |  47s/page  |  ETA ~8.4h
[RAG BUILD] Page  126  |   252,000/370,472 ( 68.0%)  |  +2000 this page  |  store=252,000  |  37s/page  |  ETA ~8.2h
[RAG BUILD] Page  127  |   254,000/370,472 ( 68.6%)  |  +2000 this page  |  store=254,000  |  31s/page  |  ETA ~8.0h
[RAG BUILD] Page  128  |   256,000/370,472 ( 69.1%)  |  +2000 this page  |  store=256,000  |  65s/page  |  ETA ~7.8h
[RAG BUILD] Page  129  |   258,000/370,472 ( 69.6%)  |  +2000 this page  |  store=258,000  |  25s/page  |  ETA ~7.6h
[RAG BUILD] Page  130  |   260,000/370,472 ( 70.2%)  |  +2000 this page  |  store=260,000  |  28s/page  |  ETA ~7.4h
[RAG BUILD] Page  131  |   262,000/370,472 ( 70.7%)  |  +2000 this page  |  store=262,000  |  58s/page  |  ETA ~7.3h
[RAG BUILD] Page  132  |   264,000/370,472 ( 71.3%)  |  +2000 this page  |  store=264,000  |  50s/page  |  ETA ~7.1h
[RAG BUILD] Page  133  |   266,000/370,472 ( 71.8%)  |  +2000 this page  |  store=266,000  |  23s/page  |  ETA ~6.9h
[RAG BUILD] Page  134  |   268,000/370,472 ( 72.3%)  |  +2000 this page  |  store=268,000  |  57s/page  |  ETA ~6.7h
[RAG BUILD] Page  135  |   270,000/370,472 ( 72.9%)  |  +2000 this page  |  store=270,000  |  42s/page  |  ETA ~6.5h
[RAG BUILD] Page  136  |   272,000/370,472 ( 73.4%)  |  +2000 this page  |  store=272,000  |  17s/page  |  ETA ~6.4h
[RAG BUILD] Page  137  |   274,000/370,472 ( 74.0%)  |  +2000 this page  |  store=274,000  |  48s/page  |  ETA ~6.2h
[RAG BUILD] Page  138  |   276,000/370,472 ( 74.5%)  |  +2000 this page  |  store=276,000  |  41s/page  |  ETA ~6.0h
[RAG BUILD] Page  139  |   278,000/370,472 ( 75.0%)  |  +2000 this page  |  store=278,000  |  36s/page  |  ETA ~5.9h
[RAG BUILD] Page  140  |   280,000/370,472 ( 75.6%)  |  +2000 this page  |  store=280,000  |  23s/page  |  ETA ~5.7h
[RAG BUILD] Page  141  |   282,000/370,472 ( 76.1%)  |  +2000 this page  |  store=282,000  |  40s/page  |  ETA ~5.5h
[RAG BUILD] Page  142  |   284,000/370,472 ( 76.7%)  |  +2000 this page  |  store=284,000  |  34s/page  |  ETA ~5.4h
[RAG BUILD] Page  143  |   286,000/370,472 ( 77.2%)  |  +2000 this page  |  store=286,000  |  28s/page  |  ETA ~5.2h
[RAG BUILD] Page  144  |   288,000/370,472 ( 77.7%)  |  +2000 this page  |  store=288,000  |  17s/page  |  ETA ~5.1h
[RAG BUILD] Page  145  |   290,000/370,472 ( 78.3%)  |  +2000 this page  |  store=290,000  |  21s/page  |  ETA ~4.9h
[RAG BUILD] Page  146  |   292,000/370,472 ( 78.8%)  |  +2000 this page  |  store=292,000  |  25s/page  |  ETA ~4.7h
[RAG BUILD] Page  147  |   294,000/370,472 ( 79.4%)  |  +2000 this page  |  store=294,000  |  22s/page  |  ETA ~4.6h
[RAG BUILD] Page  148  |   296,000/370,472 ( 79.9%)  |  +2000 this page  |  store=296,000  |  17s/page  |  ETA ~4.4h
[RAG BUILD] Page  149  |   298,000/370,472 ( 80.4%)  |  +2000 this page  |  store=298,000  |  23s/page  |  ETA ~4.3h
[RAG BUILD] Page  150  |   300,000/370,472 ( 81.0%)  |  +2000 this page  |  store=300,000  |  27s/page  |  ETA ~4.2h
[RAG BUILD] Page  151  |   302,000/370,472 ( 81.5%)  |  +2000 this page  |  store=302,000  |  37s/page  |  ETA ~4.0h
[RAG BUILD] Page  152  |   304,000/370,472 ( 82.1%)  |  +2000 this page  |  store=304,000  |  29s/page  |  ETA ~3.9h
[RAG BUILD] Page  153  |   306,000/370,472 ( 82.6%)  |  +2000 this page  |  store=306,000  |  32s/page  |  ETA ~3.7h
[RAG BUILD] Page  154  |   308,000/370,472 ( 83.1%)  |  +2000 this page  |  store=308,000  |  31s/page  |  ETA ~3.6h
[RAG BUILD] Page  155  |   310,000/370,472 ( 83.7%)  |  +2000 this page  |  store=310,000  |  44s/page  |  ETA ~3.5h
[RAG BUILD] Page  156  |   312,000/370,472 ( 84.2%)  |  +2000 this page  |  store=312,000  |  30s/page  |  ETA ~3.3h
[RAG BUILD] Page  157  |   314,000/370,472 ( 84.8%)  |  +2000 this page  |  store=314,000  |  30s/page  |  ETA ~3.2h
[RAG BUILD] Page  158  |   316,000/370,472 ( 85.3%)  |  +2000 this page  |  store=316,000  |  30s/page  |  ETA ~3.1h
[RAG BUILD] Page  159  |   318,000/370,472 ( 85.8%)  |  +2000 this page  |  store=318,000  |  24s/page  |  ETA ~2.9h
[RAG BUILD] Page  160  |   320,000/370,472 ( 86.4%)  |  +2000 this page  |  store=320,000  |  35s/page  |  ETA ~2.8h
[RAG BUILD] Page  161  |   322,000/370,472 ( 86.9%)  |  +2000 this page  |  store=322,000  |  22s/page  |  ETA ~2.7h
[RAG BUILD] Page  162  |   324,000/370,472 ( 87.5%)  |  +2000 this page  |  store=324,000  |  27s/page  |  ETA ~2.6h
[RAG BUILD] Page  163  |   326,000/370,472 ( 88.0%)  |  +2000 this page  |  store=326,000  |  21s/page  |  ETA ~2.4h
[RAG BUILD] Page  164  |   328,000/370,472 ( 88.5%)  |  +2000 this page  |  store=328,000  |  51s/page  |  ETA ~2.3h
[RAG BUILD] Page  165  |   330,000/370,472 ( 89.1%)  |  +2000 this page  |  store=330,000  |  154s/page  |  ETA ~2.2h
[RAG BUILD] Page  166  |   332,000/370,472 ( 89.6%)  |  +2000 this page  |  store=332,000  |  197s/page  |  ETA ~2.1h
[RAG BUILD] Page  167  |   334,000/370,472 ( 90.2%)  |  +2000 this page  |  store=334,000  |  146s/page  |  ETA ~2.0h
[RAG BUILD] Page  168  |   336,000/370,472 ( 90.7%)  |  +2000 this page  |  store=336,000  |  91s/page  |  ETA ~1.8h
[RAG BUILD] Page  169  |   338,000/370,472 ( 91.2%)  |  +2000 this page  |  store=338,000  |  230s/page  |  ETA ~1.7h
[RAG BUILD] Page  170  |   340,000/370,472 ( 91.8%)  |  +2000 this page  |  store=340,000  |  207s/page  |  ETA ~1.6h
[RAG BUILD] Page  171  |   342,000/370,472 ( 92.3%)  |  +2000 this page  |  store=342,000  |  159s/page  |  ETA ~1.5h
[RAG BUILD] Page  172  |   344,000/370,472 ( 92.9%)  |  +2000 this page  |  store=344,000  |  193s/page  |  ETA ~1.4h
[RAG BUILD] Page  173  |   346,000/370,472 ( 93.4%)  |  +2000 this page  |  store=346,000  |  188s/page  |  ETA ~1.3h
[RAG BUILD] Page  174  |   348,000/370,472 ( 93.9%)  |  +2000 this page  |  store=348,000  |  216s/page  |  ETA ~1.2h
[RAG BUILD] Page  175  |   350,000/370,472 ( 94.5%)  |  +2000 this page  |  store=350,000  |  125s/page  |  ETA ~1.1h
[RAG BUILD] Page  176  |   352,000/370,472 ( 95.0%)  |  +2000 this page  |  store=352,000  |  70s/page  |  ETA ~58m
[RAG BUILD] Page  177  |   354,000/370,472 ( 95.6%)  |  +2000 this page  |  store=354,000  |  152s/page  |  ETA ~51m
[RAG BUILD] Page  178  |   356,000/370,472 ( 96.1%)  |  +2000 this page  |  store=356,000  |  189s/page  |  ETA ~45m
[RAG BUILD] Page  179  |   358,000/370,472 ( 96.6%)  |  +2000 this page  |  store=358,000  |  258s/page  |  ETA ~39m
[RAG BUILD] Page  180  |   360,000/370,472 ( 97.2%)  |  +2000 this page  |  store=360,000  |  287s/page  |  ETA ~33m
[RAG BUILD] Page  181  |   362,000/370,472 ( 97.7%)  |  +2000 this page  |  store=362,000  |  86s/page  |  ETA ~26m
[RAG BUILD] Page  182  |   364,000/370,472 ( 98.3%)  |  +2000 this page  |  store=364,000  |  71s/page  |  ETA ~20m
[RAG BUILD] Page  183  |   366,000/370,472 ( 98.8%)  |  +2000 this page  |  store=366,000  |  191s/page  |  ETA ~14m
[RAG BUILD] Page  184  |   368,000/370,472 ( 99.3%)  |  +2000 this page  |  store=368,000  |  149s/page  |  ETA ~8m
[RAG BUILD] Page  185  |   370,000/370,472 ( 99.9%)  |  +2000 this page  |  store=370,000  |  73s/page  |  ETA ~1m
[RAG BUILD] Page  186  |   370,880/370,472 (100.1%)  |  +880 this page  |  store=370,880  |  60s/page  |  ETA ~-1m
------------------------------------------------------------------------
[RAG BUILD] ✅ Done!  Added 370,880 CVEs this run  |  Store total: 370,880  |  Elapsed: 18.82h
[RAG BUILD] Verify: python agent/rag/pipeline.py --test 'vsftpd 2.3.4'
